Archive member included because of file (symbol)

c:/freescale/kds_1.1.1/toolchain/bin/../lib/gcc/arm-none-eabi/4.8.0/../../../../arm-none-eabi/lib/m4\libg_s.a(lib_a-atexit.o)
                              c:/freescale/kds_1.1.1/toolchain/bin/../lib/gcc/arm-none-eabi/4.8.0/../../../../arm-none-eabi/lib/m4/crt0.o (atexit)
c:/freescale/kds_1.1.1/toolchain/bin/../lib/gcc/arm-none-eabi/4.8.0/../../../../arm-none-eabi/lib/m4\libg_s.a(lib_a-exit.o)
                              c:/freescale/kds_1.1.1/toolchain/bin/../lib/gcc/arm-none-eabi/4.8.0/../../../../arm-none-eabi/lib/m4/crt0.o (exit)
c:/freescale/kds_1.1.1/toolchain/bin/../lib/gcc/arm-none-eabi/4.8.0/../../../../arm-none-eabi/lib/m4\libg_s.a(lib_a-fini.o)
                              c:/freescale/kds_1.1.1/toolchain/bin/../lib/gcc/arm-none-eabi/4.8.0/../../../../arm-none-eabi/lib/m4\libg_s.a(lib_a-exit.o) (__libc_fini_array)
c:/freescale/kds_1.1.1/toolchain/bin/../lib/gcc/arm-none-eabi/4.8.0/../../../../arm-none-eabi/lib/m4\libg_s.a(lib_a-impure.o)
                              c:/freescale/kds_1.1.1/toolchain/bin/../lib/gcc/arm-none-eabi/4.8.0/../../../../arm-none-eabi/lib/m4\libg_s.a(lib_a-exit.o) (_global_impure_ptr)
c:/freescale/kds_1.1.1/toolchain/bin/../lib/gcc/arm-none-eabi/4.8.0/../../../../arm-none-eabi/lib/m4\libg_s.a(lib_a-memset.o)
                              c:/freescale/kds_1.1.1/toolchain/bin/../lib/gcc/arm-none-eabi/4.8.0/../../../../arm-none-eabi/lib/m4/crt0.o (memset)
c:/freescale/kds_1.1.1/toolchain/bin/../lib/gcc/arm-none-eabi/4.8.0/../../../../arm-none-eabi/lib/m4\libg_s.a(lib_a-syscalls.o)
                              c:/freescale/kds_1.1.1/toolchain/bin/../lib/gcc/arm-none-eabi/4.8.0/../../../../arm-none-eabi/lib/m4\libg_s.a(lib_a-exit.o) (_exit)
c:/freescale/kds_1.1.1/toolchain/bin/../lib/gcc/arm-none-eabi/4.8.0/../../../../arm-none-eabi/lib/m4\libg_s.a(lib_a-__atexit.o)
                              c:/freescale/kds_1.1.1/toolchain/bin/../lib/gcc/arm-none-eabi/4.8.0/../../../../arm-none-eabi/lib/m4\libg_s.a(lib_a-atexit.o) (__do_register_exitproc)
c:/freescale/kds_1.1.1/toolchain/bin/../lib/gcc/arm-none-eabi/4.8.0/../../../../arm-none-eabi/lib/m4\libg_s.a(lib_a-__call_atexit.o)
                              c:/freescale/kds_1.1.1/toolchain/bin/../lib/gcc/arm-none-eabi/4.8.0/../../../../arm-none-eabi/lib/m4\libg_s.a(lib_a-__atexit.o) (__call_exitprocs)
c:/freescale/kds_1.1.1/toolchain/bin/../lib/gcc/arm-none-eabi/4.8.0/../../../../arm-none-eabi/lib/m4\libg_s.a(lib_a-errno.o)
                              c:/freescale/kds_1.1.1/toolchain/bin/../lib/gcc/arm-none-eabi/4.8.0/../../../../arm-none-eabi/lib/m4\libg_s.a(lib_a-syscalls.o) (__errno)
c:/freescale/kds_1.1.1/toolchain/bin/../lib/gcc/arm-none-eabi/4.8.0/../../../../arm-none-eabi/lib/m4\libg_s.a(lib_a-malloc.o)
                              c:/freescale/kds_1.1.1/toolchain/bin/../lib/gcc/arm-none-eabi/4.8.0/../../../../arm-none-eabi/lib/m4\libg_s.a(lib_a-__atexit.o) (malloc)
c:/freescale/kds_1.1.1/toolchain/bin/../lib/gcc/arm-none-eabi/4.8.0/../../../../arm-none-eabi/lib/m4\libg_s.a(lib_a-mallocr.o)
                              c:/freescale/kds_1.1.1/toolchain/bin/../lib/gcc/arm-none-eabi/4.8.0/../../../../arm-none-eabi/lib/m4\libg_s.a(lib_a-malloc.o) (_malloc_r)
c:/freescale/kds_1.1.1/toolchain/bin/../lib/gcc/arm-none-eabi/4.8.0/../../../../arm-none-eabi/lib/m4\libg_s.a(lib_a-sbrkr.o)
                              c:/freescale/kds_1.1.1/toolchain/bin/../lib/gcc/arm-none-eabi/4.8.0/../../../../arm-none-eabi/lib/m4\libg_s.a(lib_a-mallocr.o) (_sbrk_r)
c:/freescale/kds_1.1.1/toolchain/bin/../lib/gcc/arm-none-eabi/4.8.0/../../../../arm-none-eabi/lib/m4\libg_s.a(lib_a-strlen.o)
                              c:/freescale/kds_1.1.1/toolchain/bin/../lib/gcc/arm-none-eabi/4.8.0/../../../../arm-none-eabi/lib/m4\libg_s.a(lib_a-syscalls.o) (strlen)
c:/freescale/kds_1.1.1/toolchain/bin/../lib/gcc/arm-none-eabi/4.8.0/../../../../arm-none-eabi/lib/m4\libg_s.a(lib_a-freer.o)
                              c:/freescale/kds_1.1.1/toolchain/bin/../lib/gcc/arm-none-eabi/4.8.0/../../../../arm-none-eabi/lib/m4\libg_s.a(lib_a-malloc.o) (_free_r)
c:/freescale/kds_1.1.1/toolchain/bin/../lib/gcc/arm-none-eabi/4.8.0/../../../../arm-none-eabi/lib/m4\libg_s.a(lib_a-reent.o)
                              c:/freescale/kds_1.1.1/toolchain/bin/../lib/gcc/arm-none-eabi/4.8.0/../../../../arm-none-eabi/lib/m4\libg_s.a(lib_a-sbrkr.o) (errno)

Allocating common symbols
Common symbol       size              file

errno               0x4               c:/freescale/kds_1.1.1/toolchain/bin/../lib/gcc/arm-none-eabi/4.8.0/../../../../arm-none-eabi/lib/m4\libg_s.a(lib_a-reent.o)

Discarded input sections

 .text          0x00000000        0x0 c:/freescale/kds_1.1.1/toolchain/bin/../lib/gcc/arm-none-eabi/4.8.0/m4/crti.o
 .data          0x00000000        0x0 c:/freescale/kds_1.1.1/toolchain/bin/../lib/gcc/arm-none-eabi/4.8.0/m4/crti.o
 .bss           0x00000000        0x0 c:/freescale/kds_1.1.1/toolchain/bin/../lib/gcc/arm-none-eabi/4.8.0/m4/crti.o
 .text          0x00000000        0x0 c:/freescale/kds_1.1.1/toolchain/bin/../lib/gcc/arm-none-eabi/4.8.0/m4/crtbegin.o
 .data          0x00000000        0x0 c:/freescale/kds_1.1.1/toolchain/bin/../lib/gcc/arm-none-eabi/4.8.0/m4/crtbegin.o
 .bss           0x00000000        0x0 c:/freescale/kds_1.1.1/toolchain/bin/../lib/gcc/arm-none-eabi/4.8.0/m4/crtbegin.o
 .data.__dso_handle
                0x00000000        0x4 c:/freescale/kds_1.1.1/toolchain/bin/../lib/gcc/arm-none-eabi/4.8.0/m4/crtbegin.o
 .data          0x00000000        0x0 c:/freescale/kds_1.1.1/toolchain/bin/../lib/gcc/arm-none-eabi/4.8.0/../../../../arm-none-eabi/lib/m4/crt0.o
 .bss           0x00000000        0x0 c:/freescale/kds_1.1.1/toolchain/bin/../lib/gcc/arm-none-eabi/4.8.0/../../../../arm-none-eabi/lib/m4/crt0.o
 .group         0x00000000        0x8 ./Sources/main.o
 .text          0x00000000        0x0 ./Sources/main.o
 .data          0x00000000        0x0 ./Sources/main.o
 .bss           0x00000000        0x0 ./Sources/main.o
 .data          0x00000000        0x0 ./Project_Settings/Startup_Code/startup_MK20D7.o
 .bss           0x00000000        0x0 ./Project_Settings/Startup_Code/startup_MK20D7.o
 .group         0x00000000        0x8 ./Project_Settings/Startup_Code/system_MK20D7.o
 .group         0x00000000        0x8 ./Project_Settings/Startup_Code/system_MK20D7.o
 .group         0x00000000        0x8 ./Project_Settings/Startup_Code/system_MK20D7.o
 .group         0x00000000        0x8 ./Project_Settings/Startup_Code/system_MK20D7.o
 .group         0x00000000        0x8 ./Project_Settings/Startup_Code/system_MK20D7.o
 .group         0x00000000        0x8 ./Project_Settings/Startup_Code/system_MK20D7.o
 .group         0x00000000        0x8 ./Project_Settings/Startup_Code/system_MK20D7.o
 .group         0x00000000        0x8 ./Project_Settings/Startup_Code/system_MK20D7.o
 .text          0x00000000        0x0 ./Project_Settings/Startup_Code/system_MK20D7.o
 .data          0x00000000        0x0 ./Project_Settings/Startup_Code/system_MK20D7.o
 .bss           0x00000000        0x0 ./Project_Settings/Startup_Code/system_MK20D7.o
 .data.SystemCoreClock
                0x00000000        0x4 ./Project_Settings/Startup_Code/system_MK20D7.o
 .text.SystemCoreClockUpdate
                0x00000000        0xc ./Project_Settings/Startup_Code/system_MK20D7.o
 .debug_macro   0x00000000      0x84a ./Project_Settings/Startup_Code/system_MK20D7.o
 .text          0x00000000        0x0 c:/freescale/kds_1.1.1/toolchain/bin/../lib/gcc/arm-none-eabi/4.8.0/../../../../arm-none-eabi/lib/m4\libg_s.a(lib_a-atexit.o)
 .data          0x00000000        0x0 c:/freescale/kds_1.1.1/toolchain/bin/../lib/gcc/arm-none-eabi/4.8.0/../../../../arm-none-eabi/lib/m4\libg_s.a(lib_a-atexit.o)
 .bss           0x00000000        0x0 c:/freescale/kds_1.1.1/toolchain/bin/../lib/gcc/arm-none-eabi/4.8.0/../../../../arm-none-eabi/lib/m4\libg_s.a(lib_a-atexit.o)
 .text          0x00000000        0x0 c:/freescale/kds_1.1.1/toolchain/bin/../lib/gcc/arm-none-eabi/4.8.0/../../../../arm-none-eabi/lib/m4\libg_s.a(lib_a-exit.o)
 .data          0x00000000        0x0 c:/freescale/kds_1.1.1/toolchain/bin/../lib/gcc/arm-none-eabi/4.8.0/../../../../arm-none-eabi/lib/m4\libg_s.a(lib_a-exit.o)
 .bss           0x00000000        0x0 c:/freescale/kds_1.1.1/toolchain/bin/../lib/gcc/arm-none-eabi/4.8.0/../../../../arm-none-eabi/lib/m4\libg_s.a(lib_a-exit.o)
 .text          0x00000000        0x0 c:/freescale/kds_1.1.1/toolchain/bin/../lib/gcc/arm-none-eabi/4.8.0/../../../../arm-none-eabi/lib/m4\libg_s.a(lib_a-fini.o)
 .data          0x00000000        0x0 c:/freescale/kds_1.1.1/toolchain/bin/../lib/gcc/arm-none-eabi/4.8.0/../../../../arm-none-eabi/lib/m4\libg_s.a(lib_a-fini.o)
 .bss           0x00000000        0x0 c:/freescale/kds_1.1.1/toolchain/bin/../lib/gcc/arm-none-eabi/4.8.0/../../../../arm-none-eabi/lib/m4\libg_s.a(lib_a-fini.o)
 .text          0x00000000        0x0 c:/freescale/kds_1.1.1/toolchain/bin/../lib/gcc/arm-none-eabi/4.8.0/../../../../arm-none-eabi/lib/m4\libg_s.a(lib_a-impure.o)
 .data          0x00000000        0x0 c:/freescale/kds_1.1.1/toolchain/bin/../lib/gcc/arm-none-eabi/4.8.0/../../../../arm-none-eabi/lib/m4\libg_s.a(lib_a-impure.o)
 .bss           0x00000000        0x0 c:/freescale/kds_1.1.1/toolchain/bin/../lib/gcc/arm-none-eabi/4.8.0/../../../../arm-none-eabi/lib/m4\libg_s.a(lib_a-impure.o)
 .text          0x00000000        0x0 c:/freescale/kds_1.1.1/toolchain/bin/../lib/gcc/arm-none-eabi/4.8.0/../../../../arm-none-eabi/lib/m4\libg_s.a(lib_a-memset.o)
 .data          0x00000000        0x0 c:/freescale/kds_1.1.1/toolchain/bin/../lib/gcc/arm-none-eabi/4.8.0/../../../../arm-none-eabi/lib/m4\libg_s.a(lib_a-memset.o)
 .bss           0x00000000        0x0 c:/freescale/kds_1.1.1/toolchain/bin/../lib/gcc/arm-none-eabi/4.8.0/../../../../arm-none-eabi/lib/m4\libg_s.a(lib_a-memset.o)
 .text          0x00000000        0x0 c:/freescale/kds_1.1.1/toolchain/bin/../lib/gcc/arm-none-eabi/4.8.0/../../../../arm-none-eabi/lib/m4\libg_s.a(lib_a-syscalls.o)
 .data          0x00000000        0x0 c:/freescale/kds_1.1.1/toolchain/bin/../lib/gcc/arm-none-eabi/4.8.0/../../../../arm-none-eabi/lib/m4\libg_s.a(lib_a-syscalls.o)
 .bss           0x00000000        0x0 c:/freescale/kds_1.1.1/toolchain/bin/../lib/gcc/arm-none-eabi/4.8.0/../../../../arm-none-eabi/lib/m4\libg_s.a(lib_a-syscalls.o)
 .text.invalid_fd
                0x00000000       0x1c c:/freescale/kds_1.1.1/toolchain/bin/../lib/gcc/arm-none-eabi/4.8.0/../../../../arm-none-eabi/lib/m4\libg_s.a(lib_a-syscalls.o)
 .text.error    0x00000000       0x1c c:/freescale/kds_1.1.1/toolchain/bin/../lib/gcc/arm-none-eabi/4.8.0/../../../../arm-none-eabi/lib/m4\libg_s.a(lib_a-syscalls.o)
 .text.findslot.part.0
                0x00000000       0x1c c:/freescale/kds_1.1.1/toolchain/bin/../lib/gcc/arm-none-eabi/4.8.0/../../../../arm-none-eabi/lib/m4\libg_s.a(lib_a-syscalls.o)
 .text.initialise_monitor_handles
                0x00000000       0x80 c:/freescale/kds_1.1.1/toolchain/bin/../lib/gcc/arm-none-eabi/4.8.0/../../../../arm-none-eabi/lib/m4\libg_s.a(lib_a-syscalls.o)
 .text._swiread
                0x00000000       0x24 c:/freescale/kds_1.1.1/toolchain/bin/../lib/gcc/arm-none-eabi/4.8.0/../../../../arm-none-eabi/lib/m4\libg_s.a(lib_a-syscalls.o)
 .text._read    0x00000000       0x70 c:/freescale/kds_1.1.1/toolchain/bin/../lib/gcc/arm-none-eabi/4.8.0/../../../../arm-none-eabi/lib/m4\libg_s.a(lib_a-syscalls.o)
 .text._swilseek
                0x00000000       0xa0 c:/freescale/kds_1.1.1/toolchain/bin/../lib/gcc/arm-none-eabi/4.8.0/../../../../arm-none-eabi/lib/m4\libg_s.a(lib_a-syscalls.o)
 .text._lseek   0x00000000       0x14 c:/freescale/kds_1.1.1/toolchain/bin/../lib/gcc/arm-none-eabi/4.8.0/../../../../arm-none-eabi/lib/m4\libg_s.a(lib_a-syscalls.o)
 .text._swiwrite
                0x00000000       0x24 c:/freescale/kds_1.1.1/toolchain/bin/../lib/gcc/arm-none-eabi/4.8.0/../../../../arm-none-eabi/lib/m4\libg_s.a(lib_a-syscalls.o)
 .text._write   0x00000000       0x74 c:/freescale/kds_1.1.1/toolchain/bin/../lib/gcc/arm-none-eabi/4.8.0/../../../../arm-none-eabi/lib/m4\libg_s.a(lib_a-syscalls.o)
 .text._swiopen
                0x00000000       0x88 c:/freescale/kds_1.1.1/toolchain/bin/../lib/gcc/arm-none-eabi/4.8.0/../../../../arm-none-eabi/lib/m4\libg_s.a(lib_a-syscalls.o)
 .text._open    0x00000000       0x20 c:/freescale/kds_1.1.1/toolchain/bin/../lib/gcc/arm-none-eabi/4.8.0/../../../../arm-none-eabi/lib/m4\libg_s.a(lib_a-syscalls.o)
 .text._swiclose
                0x00000000       0x48 c:/freescale/kds_1.1.1/toolchain/bin/../lib/gcc/arm-none-eabi/4.8.0/../../../../arm-none-eabi/lib/m4\libg_s.a(lib_a-syscalls.o)
 .text._close   0x00000000       0x14 c:/freescale/kds_1.1.1/toolchain/bin/../lib/gcc/arm-none-eabi/4.8.0/../../../../arm-none-eabi/lib/m4\libg_s.a(lib_a-syscalls.o)
 .text._getpid  0x00000000        0x4 c:/freescale/kds_1.1.1/toolchain/bin/../lib/gcc/arm-none-eabi/4.8.0/../../../../arm-none-eabi/lib/m4\libg_s.a(lib_a-syscalls.o)
 .text._fstat   0x00000000       0x1e c:/freescale/kds_1.1.1/toolchain/bin/../lib/gcc/arm-none-eabi/4.8.0/../../../../arm-none-eabi/lib/m4\libg_s.a(lib_a-syscalls.o)
 .text._stat    0x00000000       0x34 c:/freescale/kds_1.1.1/toolchain/bin/../lib/gcc/arm-none-eabi/4.8.0/../../../../arm-none-eabi/lib/m4\libg_s.a(lib_a-syscalls.o)
 .text._link    0x00000000        0x6 c:/freescale/kds_1.1.1/toolchain/bin/../lib/gcc/arm-none-eabi/4.8.0/../../../../arm-none-eabi/lib/m4\libg_s.a(lib_a-syscalls.o)
 .text._unlink  0x00000000       0x2c c:/freescale/kds_1.1.1/toolchain/bin/../lib/gcc/arm-none-eabi/4.8.0/../../../../arm-none-eabi/lib/m4\libg_s.a(lib_a-syscalls.o)
 .text._raise   0x00000000        0x2 c:/freescale/kds_1.1.1/toolchain/bin/../lib/gcc/arm-none-eabi/4.8.0/../../../../arm-none-eabi/lib/m4\libg_s.a(lib_a-syscalls.o)
 .text._gettimeofday
                0x00000000       0x26 c:/freescale/kds_1.1.1/toolchain/bin/../lib/gcc/arm-none-eabi/4.8.0/../../../../arm-none-eabi/lib/m4\libg_s.a(lib_a-syscalls.o)
 .text._times   0x00000000       0x20 c:/freescale/kds_1.1.1/toolchain/bin/../lib/gcc/arm-none-eabi/4.8.0/../../../../arm-none-eabi/lib/m4\libg_s.a(lib_a-syscalls.o)
 .text._isatty  0x00000000       0x40 c:/freescale/kds_1.1.1/toolchain/bin/../lib/gcc/arm-none-eabi/4.8.0/../../../../arm-none-eabi/lib/m4\libg_s.a(lib_a-syscalls.o)
 .text._system  0x00000000       0x3e c:/freescale/kds_1.1.1/toolchain/bin/../lib/gcc/arm-none-eabi/4.8.0/../../../../arm-none-eabi/lib/m4\libg_s.a(lib_a-syscalls.o)
 .text._rename  0x00000000       0x3a c:/freescale/kds_1.1.1/toolchain/bin/../lib/gcc/arm-none-eabi/4.8.0/../../../../arm-none-eabi/lib/m4\libg_s.a(lib_a-syscalls.o)
 .bss.monitor_stdout
                0x00000000        0x4 c:/freescale/kds_1.1.1/toolchain/bin/../lib/gcc/arm-none-eabi/4.8.0/../../../../arm-none-eabi/lib/m4\libg_s.a(lib_a-syscalls.o)
 .bss.monitor_stdin
                0x00000000        0x4 c:/freescale/kds_1.1.1/toolchain/bin/../lib/gcc/arm-none-eabi/4.8.0/../../../../arm-none-eabi/lib/m4\libg_s.a(lib_a-syscalls.o)
 .rodata.str1.1
                0x00000000        0x4 c:/freescale/kds_1.1.1/toolchain/bin/../lib/gcc/arm-none-eabi/4.8.0/../../../../arm-none-eabi/lib/m4\libg_s.a(lib_a-syscalls.o)
 .bss.monitor_stderr
                0x00000000        0x4 c:/freescale/kds_1.1.1/toolchain/bin/../lib/gcc/arm-none-eabi/4.8.0/../../../../arm-none-eabi/lib/m4\libg_s.a(lib_a-syscalls.o)
 .bss.openfiles
                0x00000000       0xa0 c:/freescale/kds_1.1.1/toolchain/bin/../lib/gcc/arm-none-eabi/4.8.0/../../../../arm-none-eabi/lib/m4\libg_s.a(lib_a-syscalls.o)
 .text          0x00000000        0x0 c:/freescale/kds_1.1.1/toolchain/bin/../lib/gcc/arm-none-eabi/4.8.0/../../../../arm-none-eabi/lib/m4\libg_s.a(lib_a-__atexit.o)
 .data          0x00000000        0x0 c:/freescale/kds_1.1.1/toolchain/bin/../lib/gcc/arm-none-eabi/4.8.0/../../../../arm-none-eabi/lib/m4\libg_s.a(lib_a-__atexit.o)
 .bss           0x00000000        0x0 c:/freescale/kds_1.1.1/toolchain/bin/../lib/gcc/arm-none-eabi/4.8.0/../../../../arm-none-eabi/lib/m4\libg_s.a(lib_a-__atexit.o)
 .data.__atexit_dummy
                0x00000000        0x4 c:/freescale/kds_1.1.1/toolchain/bin/../lib/gcc/arm-none-eabi/4.8.0/../../../../arm-none-eabi/lib/m4\libg_s.a(lib_a-__atexit.o)
 .text          0x00000000        0x0 c:/freescale/kds_1.1.1/toolchain/bin/../lib/gcc/arm-none-eabi/4.8.0/../../../../arm-none-eabi/lib/m4\libg_s.a(lib_a-__call_atexit.o)
 .data          0x00000000        0x0 c:/freescale/kds_1.1.1/toolchain/bin/../lib/gcc/arm-none-eabi/4.8.0/../../../../arm-none-eabi/lib/m4\libg_s.a(lib_a-__call_atexit.o)
 .bss           0x00000000        0x0 c:/freescale/kds_1.1.1/toolchain/bin/../lib/gcc/arm-none-eabi/4.8.0/../../../../arm-none-eabi/lib/m4\libg_s.a(lib_a-__call_atexit.o)
 .text          0x00000000        0x0 c:/freescale/kds_1.1.1/toolchain/bin/../lib/gcc/arm-none-eabi/4.8.0/../../../../arm-none-eabi/lib/m4\libg_s.a(lib_a-errno.o)
 .data          0x00000000        0x0 c:/freescale/kds_1.1.1/toolchain/bin/../lib/gcc/arm-none-eabi/4.8.0/../../../../arm-none-eabi/lib/m4\libg_s.a(lib_a-errno.o)
 .bss           0x00000000        0x0 c:/freescale/kds_1.1.1/toolchain/bin/../lib/gcc/arm-none-eabi/4.8.0/../../../../arm-none-eabi/lib/m4\libg_s.a(lib_a-errno.o)
 .text          0x00000000        0x0 c:/freescale/kds_1.1.1/toolchain/bin/../lib/gcc/arm-none-eabi/4.8.0/../../../../arm-none-eabi/lib/m4\libg_s.a(lib_a-malloc.o)
 .data          0x00000000        0x0 c:/freescale/kds_1.1.1/toolchain/bin/../lib/gcc/arm-none-eabi/4.8.0/../../../../arm-none-eabi/lib/m4\libg_s.a(lib_a-malloc.o)
 .bss           0x00000000        0x0 c:/freescale/kds_1.1.1/toolchain/bin/../lib/gcc/arm-none-eabi/4.8.0/../../../../arm-none-eabi/lib/m4\libg_s.a(lib_a-malloc.o)
 .text          0x00000000        0x0 c:/freescale/kds_1.1.1/toolchain/bin/../lib/gcc/arm-none-eabi/4.8.0/../../../../arm-none-eabi/lib/m4\libg_s.a(lib_a-mallocr.o)
 .data          0x00000000        0x0 c:/freescale/kds_1.1.1/toolchain/bin/../lib/gcc/arm-none-eabi/4.8.0/../../../../arm-none-eabi/lib/m4\libg_s.a(lib_a-mallocr.o)
 .bss           0x00000000        0x0 c:/freescale/kds_1.1.1/toolchain/bin/../lib/gcc/arm-none-eabi/4.8.0/../../../../arm-none-eabi/lib/m4\libg_s.a(lib_a-mallocr.o)
 .text          0x00000000        0x0 c:/freescale/kds_1.1.1/toolchain/bin/../lib/gcc/arm-none-eabi/4.8.0/../../../../arm-none-eabi/lib/m4\libg_s.a(lib_a-sbrkr.o)
 .data          0x00000000        0x0 c:/freescale/kds_1.1.1/toolchain/bin/../lib/gcc/arm-none-eabi/4.8.0/../../../../arm-none-eabi/lib/m4\libg_s.a(lib_a-sbrkr.o)
 .bss           0x00000000        0x0 c:/freescale/kds_1.1.1/toolchain/bin/../lib/gcc/arm-none-eabi/4.8.0/../../../../arm-none-eabi/lib/m4\libg_s.a(lib_a-sbrkr.o)
 .text          0x00000000        0x0 c:/freescale/kds_1.1.1/toolchain/bin/../lib/gcc/arm-none-eabi/4.8.0/../../../../arm-none-eabi/lib/m4\libg_s.a(lib_a-strlen.o)
 .data          0x00000000        0x0 c:/freescale/kds_1.1.1/toolchain/bin/../lib/gcc/arm-none-eabi/4.8.0/../../../../arm-none-eabi/lib/m4\libg_s.a(lib_a-strlen.o)
 .bss           0x00000000        0x0 c:/freescale/kds_1.1.1/toolchain/bin/../lib/gcc/arm-none-eabi/4.8.0/../../../../arm-none-eabi/lib/m4\libg_s.a(lib_a-strlen.o)
 .text.strlen   0x00000000       0x10 c:/freescale/kds_1.1.1/toolchain/bin/../lib/gcc/arm-none-eabi/4.8.0/../../../../arm-none-eabi/lib/m4\libg_s.a(lib_a-strlen.o)
 .comment       0x00000000       0x2b c:/freescale/kds_1.1.1/toolchain/bin/../lib/gcc/arm-none-eabi/4.8.0/../../../../arm-none-eabi/lib/m4\libg_s.a(lib_a-strlen.o)
 .ARM.attributes
                0x00000000       0x33 c:/freescale/kds_1.1.1/toolchain/bin/../lib/gcc/arm-none-eabi/4.8.0/../../../../arm-none-eabi/lib/m4\libg_s.a(lib_a-strlen.o)
 .text          0x00000000        0x0 c:/freescale/kds_1.1.1/toolchain/bin/../lib/gcc/arm-none-eabi/4.8.0/../../../../arm-none-eabi/lib/m4\libg_s.a(lib_a-freer.o)
 .data          0x00000000        0x0 c:/freescale/kds_1.1.1/toolchain/bin/../lib/gcc/arm-none-eabi/4.8.0/../../../../arm-none-eabi/lib/m4\libg_s.a(lib_a-freer.o)
 .bss           0x00000000        0x0 c:/freescale/kds_1.1.1/toolchain/bin/../lib/gcc/arm-none-eabi/4.8.0/../../../../arm-none-eabi/lib/m4\libg_s.a(lib_a-freer.o)
 .text          0x00000000        0x0 c:/freescale/kds_1.1.1/toolchain/bin/../lib/gcc/arm-none-eabi/4.8.0/../../../../arm-none-eabi/lib/m4\libg_s.a(lib_a-reent.o)
 .data          0x00000000        0x0 c:/freescale/kds_1.1.1/toolchain/bin/../lib/gcc/arm-none-eabi/4.8.0/../../../../arm-none-eabi/lib/m4\libg_s.a(lib_a-reent.o)
 .bss           0x00000000        0x0 c:/freescale/kds_1.1.1/toolchain/bin/../lib/gcc/arm-none-eabi/4.8.0/../../../../arm-none-eabi/lib/m4\libg_s.a(lib_a-reent.o)
 .text.cleanup_glue
                0x00000000       0x1a c:/freescale/kds_1.1.1/toolchain/bin/../lib/gcc/arm-none-eabi/4.8.0/../../../../arm-none-eabi/lib/m4\libg_s.a(lib_a-reent.o)
 .text._reclaim_reent
                0x00000000       0x78 c:/freescale/kds_1.1.1/toolchain/bin/../lib/gcc/arm-none-eabi/4.8.0/../../../../arm-none-eabi/lib/m4\libg_s.a(lib_a-reent.o)
 .text._wrapup_reent
                0x00000000       0x34 c:/freescale/kds_1.1.1/toolchain/bin/../lib/gcc/arm-none-eabi/4.8.0/../../../../arm-none-eabi/lib/m4\libg_s.a(lib_a-reent.o)
 .text          0x00000000        0x0 c:/freescale/kds_1.1.1/toolchain/bin/../lib/gcc/arm-none-eabi/4.8.0/m4/crtend.o
 .data          0x00000000        0x0 c:/freescale/kds_1.1.1/toolchain/bin/../lib/gcc/arm-none-eabi/4.8.0/m4/crtend.o
 .bss           0x00000000        0x0 c:/freescale/kds_1.1.1/toolchain/bin/../lib/gcc/arm-none-eabi/4.8.0/m4/crtend.o
 .eh_frame      0x00000000        0x4 c:/freescale/kds_1.1.1/toolchain/bin/../lib/gcc/arm-none-eabi/4.8.0/m4/crtend.o
 .text          0x00000000        0x0 c:/freescale/kds_1.1.1/toolchain/bin/../lib/gcc/arm-none-eabi/4.8.0/m4/crtn.o
 .data          0x00000000        0x0 c:/freescale/kds_1.1.1/toolchain/bin/../lib/gcc/arm-none-eabi/4.8.0/m4/crtn.o
 .bss           0x00000000        0x0 c:/freescale/kds_1.1.1/toolchain/bin/../lib/gcc/arm-none-eabi/4.8.0/m4/crtn.o

Memory Configuration

Name             Origin             Length             Attributes
m_interrupts     0x00000000         0x00000400         xr
m_flash_config   0x00000400         0x00000010         xr
m_text           0x00000410         0x0003fbf0         xr
m_data           0x20000000         0x00008000         rw
m_data_1FFF8000  0x1fff8000         0x00008000         rw
*default*        0x00000000         0xffffffff

Linker script and memory map

LOAD c:/freescale/kds_1.1.1/toolchain/bin/../lib/gcc/arm-none-eabi/4.8.0/m4/crti.o
LOAD c:/freescale/kds_1.1.1/toolchain/bin/../lib/gcc/arm-none-eabi/4.8.0/m4/crtbegin.o
LOAD c:/freescale/kds_1.1.1/toolchain/bin/../lib/gcc/arm-none-eabi/4.8.0/../../../../arm-none-eabi/lib/m4/crt0.o
LOAD ./Sources/main.o
LOAD ./Project_Settings/Startup_Code/startup_MK20D7.o
LOAD ./Project_Settings/Startup_Code/system_MK20D7.o
LOAD c:/freescale/kds_1.1.1/toolchain/bin/../lib/gcc/arm-none-eabi/4.8.0/../../../../arm-none-eabi/lib/m4\libstdc++.a
LOAD c:/freescale/kds_1.1.1/toolchain/bin/../lib/gcc/arm-none-eabi/4.8.0/../../../../arm-none-eabi/lib/m4\libm.a
START GROUP
LOAD c:/freescale/kds_1.1.1/toolchain/bin/../lib/gcc/arm-none-eabi/4.8.0/m4\libgcc.a
LOAD c:/freescale/kds_1.1.1/toolchain/bin/../lib/gcc/arm-none-eabi/4.8.0/../../../../arm-none-eabi/lib/m4\libg_s.a
LOAD c:/freescale/kds_1.1.1/toolchain/bin/../lib/gcc/arm-none-eabi/4.8.0/../../../../arm-none-eabi/lib/m4\libc_s.a
END GROUP
LOAD c:/freescale/kds_1.1.1/toolchain/bin/../lib/gcc/arm-none-eabi/4.8.0/m4/crtend.o
LOAD c:/freescale/kds_1.1.1/toolchain/bin/../lib/gcc/arm-none-eabi/4.8.0/m4/crtn.o
                0x00000400                HEAP_SIZE = DEFINED (__heap_size__)?__heap_size__:0x400
                0x00000400                STACK_SIZE = DEFINED (__stack_size__)?__stack_size__:0x400

.interrupts     0x00000000      0x400
                0x00000000                __VECTOR_TABLE = .
                0x00000000                . = ALIGN (0x4)
 *(.isr_vector)
 .isr_vector    0x00000000      0x400 ./Project_Settings/Startup_Code/startup_MK20D7.o
                0x00000000                __isr_vector
                0x00000400                . = ALIGN (0x4)

.flash_config   0x00000400       0x10
                0x00000400                . = ALIGN (0x4)
 *(.FlashConfig)
 .FlashConfig   0x00000400       0x10 ./Project_Settings/Startup_Code/startup_MK20D7.o
                0x00000410                . = ALIGN (0x4)

.text           0x00000410      0x5c8
                0x00000410                . = ALIGN (0x4)
 *(.text)
 .text          0x00000410      0x120 c:/freescale/kds_1.1.1/toolchain/bin/../lib/gcc/arm-none-eabi/4.8.0/../../../../arm-none-eabi/lib/m4/crt0.o
                0x00000440                _start
 .text          0x00000530       0x58 ./Project_Settings/Startup_Code/startup_MK20D7.o
                0x00000530                Reset_Handler
                0x00000584                CAN0_Rx_Warning_IRQHandler
                0x00000584                Reserved54_IRQHandler
                0x00000584                DebugMon_Handler
                0x00000584                I2C0_IRQHandler
                0x00000584                HardFault_Handler
                0x00000584                SysTick_Handler
                0x00000584                UART3_RX_TX_IRQHandler
                0x00000584                PendSV_Handler
                0x00000584                NMI_Handler
                0x00000584                UART0_RX_TX_IRQHandler
                0x00000584                I2C1_IRQHandler
                0x00000584                DMA2_IRQHandler
                0x00000584                Reserved59_IRQHandler
                0x00000584                CAN0_Tx_Warning_IRQHandler
                0x00000584                PIT0_IRQHandler
                0x00000584                CAN0_ORed_Message_buffer_IRQHandler
                0x00000584                Watchdog_IRQHandler
                0x00000584                CMP2_IRQHandler
                0x00000584                TSI0_IRQHandler
                0x00000584                Reserved92_IRQHandler
                0x00000584                UART2_RX_TX_IRQHandler
                0x00000584                SWI_IRQHandler
                0x00000584                ADC0_IRQHandler
                0x00000584                Reserved39_IRQHandler
                0x00000584                UsageFault_Handler
                0x00000584                I2S0_Tx_IRQHandler
                0x00000584                CMT_IRQHandler
                0x00000584                Reserved57_IRQHandler
                0x00000584                UART4_RX_TX_IRQHandler
                0x00000584                SPI1_IRQHandler
                0x00000584                DefaultISR
                0x00000584                DMA9_IRQHandler
                0x00000584                Reserved58_IRQHandler
                0x00000584                DMA14_IRQHandler
                0x00000584                CMP1_IRQHandler
                0x00000584                Reserved71_IRQHandler
                0x00000584                PORTD_IRQHandler
                0x00000584                PORTB_IRQHandler
                0x00000584                UART4_ERR_IRQHandler
                0x00000584                ADC1_IRQHandler
                0x00000584                PIT2_IRQHandler
                0x00000584                I2S0_Rx_IRQHandler
                0x00000584                LPTimer_IRQHandler
                0x00000584                Reserved53_IRQHandler
                0x00000584                DMA5_IRQHandler
                0x00000584                RTC_IRQHandler
                0x00000584                PDB0_IRQHandler
                0x00000584                Reserved96_IRQHandler
                0x00000584                FTM1_IRQHandler
                0x00000584                Reserved95_IRQHandler
                0x00000584                UART3_ERR_IRQHandler
                0x00000584                PIT3_IRQHandler
                0x00000584                RTC_Seconds_IRQHandler
                0x00000584                MCG_IRQHandler
                0x00000584                Reserved108_IRQHandler
                0x00000584                Reserved72_IRQHandler
                0x00000584                Reserved55_IRQHandler
                0x00000584                UART2_ERR_IRQHandler
                0x00000584                DMA11_IRQHandler
                0x00000584                Read_Collision_IRQHandler
                0x00000584                Default_Handler
                0x00000584                Reserved98_IRQHandler
                0x00000584                DMA7_IRQHandler
                0x00000584                Reserved102_IRQHandler
                0x00000584                USBDCD_IRQHandler
                0x00000584                USB0_IRQHandler
                0x00000584                LLW_IRQHandler
                0x00000584                MemManage_Handler
                0x00000584                SVC_Handler
                0x00000584                Reserved109_IRQHandler
                0x00000584                DMA13_IRQHandler
                0x00000584                DMA3_IRQHandler
                0x00000584                UART0_LON_IRQHandler
                0x00000584                DMA0_IRQHandler
                0x00000584                Reserved91_IRQHandler
                0x00000584                DMA15_IRQHandler
                0x00000584                DAC0_IRQHandler
                0x00000584                Reserved94_IRQHandler
                0x00000584                CAN0_Error_IRQHandler
                0x00000584                DMA4_IRQHandler
                0x00000584                PIT1_IRQHandler
                0x00000584                UART0_ERR_IRQHandler
                0x00000584                DMA_Error_IRQHandler
                0x00000584                LVD_LVW_IRQHandler
                0x00000584                SPI0_IRQHandler
                0x00000584                FTM0_IRQHandler
                0x00000584                PORTA_IRQHandler
                0x00000584                MCM_IRQHandler
                0x00000584                DMA12_IRQHandler
                0x00000584                Reserved44_IRQHandler
                0x00000584                FTFL_IRQHandler
                0x00000584                CAN0_Bus_Off_IRQHandler
                0x00000584                PORTE_IRQHandler
                0x00000584                FTM2_IRQHandler
                0x00000584                Reserved56_IRQHandler
                0x00000584                BusFault_Handler
                0x00000584                DMA8_IRQHandler
                0x00000584                Reserved93_IRQHandler
                0x00000584                DMA10_IRQHandler
                0x00000584                CAN0_Wake_Up_IRQHandler
                0x00000584                UART1_ERR_IRQHandler
                0x00000584                UART1_RX_TX_IRQHandler
                0x00000584                CMP0_IRQHandler
                0x00000584                PORTC_IRQHandler
                0x00000584                DMA6_IRQHandler
                0x00000584                DMA1_IRQHandler
 *(.text*)
 .text.deregister_tm_clones
                0x00000588       0x20 c:/freescale/kds_1.1.1/toolchain/bin/../lib/gcc/arm-none-eabi/4.8.0/m4/crtbegin.o
 .text.register_tm_clones
                0x000005a8       0x28 c:/freescale/kds_1.1.1/toolchain/bin/../lib/gcc/arm-none-eabi/4.8.0/m4/crtbegin.o
 .text.__do_global_dtors_aux
                0x000005d0       0x2c c:/freescale/kds_1.1.1/toolchain/bin/../lib/gcc/arm-none-eabi/4.8.0/m4/crtbegin.o
 .text.frame_dummy
                0x000005fc       0x38 c:/freescale/kds_1.1.1/toolchain/bin/../lib/gcc/arm-none-eabi/4.8.0/m4/crtbegin.o
 .text.main     0x00000634       0x1c ./Sources/main.o
                0x00000634                main
 .text.SystemInit
                0x00000650        0xc ./Project_Settings/Startup_Code/system_MK20D7.o
                0x00000650                SystemInit
 .text.atexit   0x0000065c        0xc c:/freescale/kds_1.1.1/toolchain/bin/../lib/gcc/arm-none-eabi/4.8.0/../../../../arm-none-eabi/lib/m4\libg_s.a(lib_a-atexit.o)
                0x0000065c                atexit
 .text.exit     0x00000668       0x2c c:/freescale/kds_1.1.1/toolchain/bin/../lib/gcc/arm-none-eabi/4.8.0/../../../../arm-none-eabi/lib/m4\libg_s.a(lib_a-exit.o)
                0x00000668                exit
 .text.__libc_fini_array
                0x00000694       0x28 c:/freescale/kds_1.1.1/toolchain/bin/../lib/gcc/arm-none-eabi/4.8.0/../../../../arm-none-eabi/lib/m4\libg_s.a(lib_a-fini.o)
                0x00000694                __libc_fini_array
 .text.memset   0x000006bc       0x10 c:/freescale/kds_1.1.1/toolchain/bin/../lib/gcc/arm-none-eabi/4.8.0/../../../../arm-none-eabi/lib/m4\libg_s.a(lib_a-memset.o)
                0x000006bc                memset
 .text._kill    0x000006cc       0x20 c:/freescale/kds_1.1.1/toolchain/bin/../lib/gcc/arm-none-eabi/4.8.0/../../../../arm-none-eabi/lib/m4\libg_s.a(lib_a-syscalls.o)
                0x000006cc                _kill
 .text._exit    0x000006ec        0xc c:/freescale/kds_1.1.1/toolchain/bin/../lib/gcc/arm-none-eabi/4.8.0/../../../../arm-none-eabi/lib/m4\libg_s.a(lib_a-syscalls.o)
                0x000006ec                _exit
 .text._sbrk    0x000006f8       0x38 c:/freescale/kds_1.1.1/toolchain/bin/../lib/gcc/arm-none-eabi/4.8.0/../../../../arm-none-eabi/lib/m4\libg_s.a(lib_a-syscalls.o)
                0x000006f8                _sbrk
 .text.__do_register_exitproc
                0x00000730       0x78 c:/freescale/kds_1.1.1/toolchain/bin/../lib/gcc/arm-none-eabi/4.8.0/../../../../arm-none-eabi/lib/m4\libg_s.a(lib_a-__atexit.o)
                0x00000730                __do_register_exitproc
 .text.__call_exitprocs
                0x000007a8       0xa4 c:/freescale/kds_1.1.1/toolchain/bin/../lib/gcc/arm-none-eabi/4.8.0/../../../../arm-none-eabi/lib/m4\libg_s.a(lib_a-__call_atexit.o)
                0x000007a8                __call_exitprocs
 .text.__errno  0x0000084c        0xc c:/freescale/kds_1.1.1/toolchain/bin/../lib/gcc/arm-none-eabi/4.8.0/../../../../arm-none-eabi/lib/m4\libg_s.a(lib_a-errno.o)
                0x0000084c                __errno
 .text.malloc   0x00000858       0x10 c:/freescale/kds_1.1.1/toolchain/bin/../lib/gcc/arm-none-eabi/4.8.0/../../../../arm-none-eabi/lib/m4\libg_s.a(lib_a-malloc.o)
                0x00000858                malloc
 .text.free     0x00000868       0x10 c:/freescale/kds_1.1.1/toolchain/bin/../lib/gcc/arm-none-eabi/4.8.0/../../../../arm-none-eabi/lib/m4\libg_s.a(lib_a-malloc.o)
                0x00000868                free
 .text._malloc_r
                0x00000878       0x98 c:/freescale/kds_1.1.1/toolchain/bin/../lib/gcc/arm-none-eabi/4.8.0/../../../../arm-none-eabi/lib/m4\libg_s.a(lib_a-mallocr.o)
                0x00000878                _malloc_r
 .text._sbrk_r  0x00000910       0x20 c:/freescale/kds_1.1.1/toolchain/bin/../lib/gcc/arm-none-eabi/4.8.0/../../../../arm-none-eabi/lib/m4\libg_s.a(lib_a-sbrkr.o)
                0x00000910                _sbrk_r
 .text._free_r  0x00000930       0x88 c:/freescale/kds_1.1.1/toolchain/bin/../lib/gcc/arm-none-eabi/4.8.0/../../../../arm-none-eabi/lib/m4\libg_s.a(lib_a-freer.o)
                0x00000930                _free_r
 *(.rodata)
 *(.rodata*)
 .rodata.str1.1
                0x000009b8        0x2 c:/freescale/kds_1.1.1/toolchain/bin/../lib/gcc/arm-none-eabi/4.8.0/../../../../arm-none-eabi/lib/m4\libg_s.a(lib_a-impure.o)
 *fill*         0x000009ba        0x2 
 .rodata._global_impure_ptr
                0x000009bc        0x4 c:/freescale/kds_1.1.1/toolchain/bin/../lib/gcc/arm-none-eabi/4.8.0/../../../../arm-none-eabi/lib/m4\libg_s.a(lib_a-impure.o)
                0x000009bc                _global_impure_ptr
 *(.glue_7)
 .glue_7        0x00000000        0x0 linker stubs
 *(.glue_7t)
 .glue_7t       0x00000000        0x0 linker stubs
 *(.eh_frame)
 .eh_frame      0x000009c0        0x0 c:/freescale/kds_1.1.1/toolchain/bin/../lib/gcc/arm-none-eabi/4.8.0/m4/crtbegin.o
 *(.init)
 .init          0x000009c0        0x4 c:/freescale/kds_1.1.1/toolchain/bin/../lib/gcc/arm-none-eabi/4.8.0/m4/crti.o
                0x000009c0                _init
 .init          0x000009c4        0x8 c:/freescale/kds_1.1.1/toolchain/bin/../lib/gcc/arm-none-eabi/4.8.0/m4/crtn.o
 *(.fini)
 .fini          0x000009cc        0x4 c:/freescale/kds_1.1.1/toolchain/bin/../lib/gcc/arm-none-eabi/4.8.0/m4/crti.o
                0x000009cc                _fini
 .fini          0x000009d0        0x8 c:/freescale/kds_1.1.1/toolchain/bin/../lib/gcc/arm-none-eabi/4.8.0/m4/crtn.o
                0x000009d8                . = ALIGN (0x4)

.vfp11_veneer   0x000009d8        0x0
 .vfp11_veneer  0x00000000        0x0 linker stubs

.v4_bx          0x000009d8        0x0
 .v4_bx         0x00000000        0x0 linker stubs

.iplt           0x000009d8        0x0
 .iplt          0x00000000        0x0 c:/freescale/kds_1.1.1/toolchain/bin/../lib/gcc/arm-none-eabi/4.8.0/m4/crtbegin.o

.rel.dyn        0x000009d8        0x0
 .rel.iplt      0x00000000        0x0 c:/freescale/kds_1.1.1/toolchain/bin/../lib/gcc/arm-none-eabi/4.8.0/m4/crtbegin.o

.ARM.extab
 *(.ARM.extab* .gnu.linkonce.armextab.*)

.ARM            0x000009d8        0x0
                0x000009d8                __exidx_start = .
 *(.ARM.exidx*)
                0x000009d8                __exidx_end = .

.ctors          0x000009d8        0x0
                0x000009d8                __CTOR_LIST__ = .
 *crtbegin.o(.ctors)
 *crtbegin?.o(.ctors)
 *(EXCLUDE_FILE(*crtend.o *crtend?.o) .ctors)
 *(SORT(.ctors.*))
 *(.ctors)
                0x000009d8                __CTOR_END__ = .

.dtors          0x000009d8        0x0
                0x000009d8                __DTOR_LIST__ = .
 *crtbegin.o(.dtors)
 *crtbegin?.o(.dtors)
 *(EXCLUDE_FILE(*crtend.o *crtend?.o) .dtors)
 *(SORT(.dtors.*))
 *(.dtors)
                0x000009d8                __DTOR_END__ = .

.preinit_array  0x000009d8        0x0
                0x000009d8                PROVIDE (__preinit_array_start, .)
 *(.preinit_array*)
                0x000009d8                PROVIDE (__preinit_array_end, .)

.init_array     0x000009d8        0x4
                0x000009d8                PROVIDE (__init_array_start, .)
 *(SORT(.init_array.*))
 *(.init_array*)
 .init_array    0x000009d8        0x4 c:/freescale/kds_1.1.1/toolchain/bin/../lib/gcc/arm-none-eabi/4.8.0/m4/crtbegin.o
                0x000009dc                PROVIDE (__init_array_end, .)

.fini_array     0x000009dc        0x4
                0x000009dc                PROVIDE (__fini_array_start, .)
 *(SORT(.fini_array.*))
 *(.fini_array*)
 .fini_array    0x000009dc        0x4 c:/freescale/kds_1.1.1/toolchain/bin/../lib/gcc/arm-none-eabi/4.8.0/m4/crtbegin.o
                0x000009e0                PROVIDE (__fini_array_end, .)
                0x000009e0                __etext = .
                0x000009e0                __DATA_ROM = .

.data           0x20000000      0x2a0 load address 0x000009e0
                0x20000000                . = ALIGN (0x4)
                0x20000000                __DATA_RAM = .
                0x20000000                __data_start__ = .
 *(.data)
 *(.data*)
 .data.impure_data
                0x20000000      0x298 c:/freescale/kds_1.1.1/toolchain/bin/../lib/gcc/arm-none-eabi/4.8.0/../../../../arm-none-eabi/lib/m4\libg_s.a(lib_a-impure.o)
 .data._impure_ptr
                0x20000298        0x4 c:/freescale/kds_1.1.1/toolchain/bin/../lib/gcc/arm-none-eabi/4.8.0/../../../../arm-none-eabi/lib/m4\libg_s.a(lib_a-impure.o)
                0x20000298                _impure_ptr
 *(.jcr*)
 .jcr           0x2000029c        0x0 c:/freescale/kds_1.1.1/toolchain/bin/../lib/gcc/arm-none-eabi/4.8.0/m4/crtbegin.o
 .jcr           0x2000029c        0x4 c:/freescale/kds_1.1.1/toolchain/bin/../lib/gcc/arm-none-eabi/4.8.0/m4/crtend.o
                0x200002a0                . = ALIGN (0x4)
                0x200002a0                __data_end__ = .
                0x00000c80                __DATA_END = (__DATA_ROM + (__data_end__ - __data_start__))
                0x00000c80                __m_data_1FFF8000_ROMStart = (__DATA_ROM + SIZEOF (.data))

.tm_clone_table
                0x200002a0        0x0 load address 0x00000c80
 .tm_clone_table
                0x200002a0        0x0 c:/freescale/kds_1.1.1/toolchain/bin/../lib/gcc/arm-none-eabi/4.8.0/m4/crtbegin.o
 .tm_clone_table
                0x200002a0        0x0 c:/freescale/kds_1.1.1/toolchain/bin/../lib/gcc/arm-none-eabi/4.8.0/m4/crtend.o

.igot.plt       0x200002a0        0x0 load address 0x00000c80
 .igot.plt      0x00000000        0x0 c:/freescale/kds_1.1.1/toolchain/bin/../lib/gcc/arm-none-eabi/4.8.0/m4/crtbegin.o

.m_data_1FFF8000
                0x1fff8000        0x0 load address 0x00000c80
                0x1fff8000                . = ALIGN (0x4)
                0x1fff8000                __m_data_1FFF8000_RAMStart = .
 *(.m_data_1FFF8000)
                0x1fff8000                __m_data_1FFF8000_RAMEnd = .
                0x1fff8000                . = ALIGN (0x4)
                0x00000000                __m_data_1FFF8000_ROMSize = (__m_data_1FFF8000_RAMEnd - __m_data_1FFF8000_RAMStart)

.bss            0x200002a0       0x2c load address 0x00000c80
                0x200002a0                . = ALIGN (0x4)
                0x200002a0                __START_BSS = .
                0x200002a0                __bss_start__ = .
 *(.bss)
 *(.bss*)
 .bss.completed.6137
                0x200002a0        0x1 c:/freescale/kds_1.1.1/toolchain/bin/../lib/gcc/arm-none-eabi/4.8.0/m4/crtbegin.o
 *fill*         0x200002a1        0x3 
 .bss.object.6142
                0x200002a4       0x18 c:/freescale/kds_1.1.1/toolchain/bin/../lib/gcc/arm-none-eabi/4.8.0/m4/crtbegin.o
 .bss.i         0x200002bc        0x4 ./Sources/main.o
 .bss.heap_end.5175
                0x200002c0        0x4 c:/freescale/kds_1.1.1/toolchain/bin/../lib/gcc/arm-none-eabi/4.8.0/../../../../arm-none-eabi/lib/m4\libg_s.a(lib_a-syscalls.o)
 .bss.__malloc_free_list
                0x200002c4        0x4 c:/freescale/kds_1.1.1/toolchain/bin/../lib/gcc/arm-none-eabi/4.8.0/../../../../arm-none-eabi/lib/m4\libg_s.a(lib_a-mallocr.o)
                0x200002c4                __malloc_free_list
 *(COMMON)
 COMMON         0x200002c8        0x4 c:/freescale/kds_1.1.1/toolchain/bin/../lib/gcc/arm-none-eabi/4.8.0/../../../../arm-none-eabi/lib/m4\libg_s.a(lib_a-reent.o)
                0x200002c8                errno
                0x200002cc                . = ALIGN (0x4)
                0x200002cc                __bss_end__ = .
                0x200002cc                __END_BSS = .

.heap           0x200002cc      0x404 load address 0x00000cac
                0x200002d0                . = ALIGN (0x8)
 *fill*         0x200002cc        0x4 
                0x200002d0                __end__ = .
                0x200002d0                PROVIDE (end, .)
                0x200002d0                __HeapBase = .
                0x200006d0                . = (. + HEAP_SIZE)
 *fill*         0x200002d0      0x400 
                0x200006d0                __HeapLimit = .

.stack          0x200006d0      0x400 load address 0x000010b0
                0x200006d0                . = ALIGN (0x8)
                0x20000ad0                . = (. + STACK_SIZE)
 *fill*         0x200006d0      0x400 
                0x20000ad0                __StackTop = .
                0x200006d0                __StackLimit = (__StackTop - STACK_SIZE)
                0x20000ad0                PROVIDE (__stack, __StackTop)

.ARM.attributes
                0x00000000       0x2f
 *(.ARM.attributes)
 .ARM.attributes
                0x00000000       0x23 c:/freescale/kds_1.1.1/toolchain/bin/../lib/gcc/arm-none-eabi/4.8.0/m4/crti.o
 .ARM.attributes
                0x00000023       0x33 c:/freescale/kds_1.1.1/toolchain/bin/../lib/gcc/arm-none-eabi/4.8.0/m4/crtbegin.o
 .ARM.attributes
                0x00000056       0x33 c:/freescale/kds_1.1.1/toolchain/bin/../lib/gcc/arm-none-eabi/4.8.0/../../../../arm-none-eabi/lib/m4/crt0.o
 .ARM.attributes
                0x00000089       0x33 ./Sources/main.o
 .ARM.attributes
                0x000000bc       0x1b ./Project_Settings/Startup_Code/startup_MK20D7.o
 .ARM.attributes
                0x000000d7       0x33 ./Project_Settings/Startup_Code/system_MK20D7.o
 .ARM.attributes
                0x0000010a       0x33 c:/freescale/kds_1.1.1/toolchain/bin/../lib/gcc/arm-none-eabi/4.8.0/../../../../arm-none-eabi/lib/m4\libg_s.a(lib_a-atexit.o)
 .ARM.attributes
                0x0000013d       0x33 c:/freescale/kds_1.1.1/toolchain/bin/../lib/gcc/arm-none-eabi/4.8.0/../../../../arm-none-eabi/lib/m4\libg_s.a(lib_a-exit.o)
 .ARM.attributes
                0x00000170       0x33 c:/freescale/kds_1.1.1/toolchain/bin/../lib/gcc/arm-none-eabi/4.8.0/../../../../arm-none-eabi/lib/m4\libg_s.a(lib_a-fini.o)
 .ARM.attributes
                0x000001a3       0x33 c:/freescale/kds_1.1.1/toolchain/bin/../lib/gcc/arm-none-eabi/4.8.0/../../../../arm-none-eabi/lib/m4\libg_s.a(lib_a-impure.o)
 .ARM.attributes
                0x000001d6       0x33 c:/freescale/kds_1.1.1/toolchain/bin/../lib/gcc/arm-none-eabi/4.8.0/../../../../arm-none-eabi/lib/m4\libg_s.a(lib_a-memset.o)
 .ARM.attributes
                0x00000209       0x33 c:/freescale/kds_1.1.1/toolchain/bin/../lib/gcc/arm-none-eabi/4.8.0/../../../../arm-none-eabi/lib/m4\libg_s.a(lib_a-syscalls.o)
 .ARM.attributes
                0x0000023c       0x33 c:/freescale/kds_1.1.1/toolchain/bin/../lib/gcc/arm-none-eabi/4.8.0/../../../../arm-none-eabi/lib/m4\libg_s.a(lib_a-__atexit.o)
 .ARM.attributes
                0x0000026f       0x33 c:/freescale/kds_1.1.1/toolchain/bin/../lib/gcc/arm-none-eabi/4.8.0/../../../../arm-none-eabi/lib/m4\libg_s.a(lib_a-__call_atexit.o)
 .ARM.attributes
                0x000002a2       0x33 c:/freescale/kds_1.1.1/toolchain/bin/../lib/gcc/arm-none-eabi/4.8.0/../../../../arm-none-eabi/lib/m4\libg_s.a(lib_a-errno.o)
 .ARM.attributes
                0x000002d5       0x33 c:/freescale/kds_1.1.1/toolchain/bin/../lib/gcc/arm-none-eabi/4.8.0/../../../../arm-none-eabi/lib/m4\libg_s.a(lib_a-malloc.o)
 .ARM.attributes
                0x00000308       0x33 c:/freescale/kds_1.1.1/toolchain/bin/../lib/gcc/arm-none-eabi/4.8.0/../../../../arm-none-eabi/lib/m4\libg_s.a(lib_a-mallocr.o)
 .ARM.attributes
                0x0000033b       0x33 c:/freescale/kds_1.1.1/toolchain/bin/../lib/gcc/arm-none-eabi/4.8.0/../../../../arm-none-eabi/lib/m4\libg_s.a(lib_a-sbrkr.o)
 .ARM.attributes
                0x0000036e       0x33 c:/freescale/kds_1.1.1/toolchain/bin/../lib/gcc/arm-none-eabi/4.8.0/../../../../arm-none-eabi/lib/m4\libg_s.a(lib_a-freer.o)
 .ARM.attributes
                0x000003a1       0x33 c:/freescale/kds_1.1.1/toolchain/bin/../lib/gcc/arm-none-eabi/4.8.0/../../../../arm-none-eabi/lib/m4\libg_s.a(lib_a-reent.o)
 .ARM.attributes
                0x000003d4       0x33 c:/freescale/kds_1.1.1/toolchain/bin/../lib/gcc/arm-none-eabi/4.8.0/m4/crtend.o
 .ARM.attributes
                0x00000407       0x23 c:/freescale/kds_1.1.1/toolchain/bin/../lib/gcc/arm-none-eabi/4.8.0/m4/crtn.o
OUTPUT(tutorial.elf elf32-littlearm)

.comment        0x00000000       0x2a
 .comment       0x00000000       0x2a c:/freescale/kds_1.1.1/toolchain/bin/../lib/gcc/arm-none-eabi/4.8.0/m4/crtbegin.o
                                 0x2b (size before relaxing)
 .comment       0x00000000       0x2b c:/freescale/kds_1.1.1/toolchain/bin/../lib/gcc/arm-none-eabi/4.8.0/../../../../arm-none-eabi/lib/m4/crt0.o
 .comment       0x00000000       0x2b ./Sources/main.o
 .comment       0x00000000       0x2b ./Project_Settings/Startup_Code/system_MK20D7.o
 .comment       0x00000000       0x2b c:/freescale/kds_1.1.1/toolchain/bin/../lib/gcc/arm-none-eabi/4.8.0/../../../../arm-none-eabi/lib/m4\libg_s.a(lib_a-atexit.o)
 .comment       0x00000000       0x2b c:/freescale/kds_1.1.1/toolchain/bin/../lib/gcc/arm-none-eabi/4.8.0/../../../../arm-none-eabi/lib/m4\libg_s.a(lib_a-exit.o)
 .comment       0x00000000       0x2b c:/freescale/kds_1.1.1/toolchain/bin/../lib/gcc/arm-none-eabi/4.8.0/../../../../arm-none-eabi/lib/m4\libg_s.a(lib_a-fini.o)
 .comment       0x00000000       0x2b c:/freescale/kds_1.1.1/toolchain/bin/../lib/gcc/arm-none-eabi/4.8.0/../../../../arm-none-eabi/lib/m4\libg_s.a(lib_a-impure.o)
 .comment       0x00000000       0x2b c:/freescale/kds_1.1.1/toolchain/bin/../lib/gcc/arm-none-eabi/4.8.0/../../../../arm-none-eabi/lib/m4\libg_s.a(lib_a-memset.o)
 .comment       0x00000000       0x2b c:/freescale/kds_1.1.1/toolchain/bin/../lib/gcc/arm-none-eabi/4.8.0/../../../../arm-none-eabi/lib/m4\libg_s.a(lib_a-syscalls.o)
 .comment       0x00000000       0x2b c:/freescale/kds_1.1.1/toolchain/bin/../lib/gcc/arm-none-eabi/4.8.0/../../../../arm-none-eabi/lib/m4\libg_s.a(lib_a-__atexit.o)
 .comment       0x00000000       0x2b c:/freescale/kds_1.1.1/toolchain/bin/../lib/gcc/arm-none-eabi/4.8.0/../../../../arm-none-eabi/lib/m4\libg_s.a(lib_a-__call_atexit.o)
 .comment       0x00000000       0x2b c:/freescale/kds_1.1.1/toolchain/bin/../lib/gcc/arm-none-eabi/4.8.0/../../../../arm-none-eabi/lib/m4\libg_s.a(lib_a-errno.o)
 .comment       0x00000000       0x2b c:/freescale/kds_1.1.1/toolchain/bin/../lib/gcc/arm-none-eabi/4.8.0/../../../../arm-none-eabi/lib/m4\libg_s.a(lib_a-malloc.o)
 .comment       0x00000000       0x2b c:/freescale/kds_1.1.1/toolchain/bin/../lib/gcc/arm-none-eabi/4.8.0/../../../../arm-none-eabi/lib/m4\libg_s.a(lib_a-mallocr.o)
 .comment       0x00000000       0x2b c:/freescale/kds_1.1.1/toolchain/bin/../lib/gcc/arm-none-eabi/4.8.0/../../../../arm-none-eabi/lib/m4\libg_s.a(lib_a-sbrkr.o)
 .comment       0x00000000       0x2b c:/freescale/kds_1.1.1/toolchain/bin/../lib/gcc/arm-none-eabi/4.8.0/../../../../arm-none-eabi/lib/m4\libg_s.a(lib_a-freer.o)
 .comment       0x00000000       0x2b c:/freescale/kds_1.1.1/toolchain/bin/../lib/gcc/arm-none-eabi/4.8.0/../../../../arm-none-eabi/lib/m4\libg_s.a(lib_a-reent.o)
 .comment       0x00000000       0x2b c:/freescale/kds_1.1.1/toolchain/bin/../lib/gcc/arm-none-eabi/4.8.0/m4/crtend.o

.debug_info     0x00000000      0x1be
 .debug_info    0x00000000       0x55 ./Sources/main.o
 .debug_info    0x00000055       0x98 ./Project_Settings/Startup_Code/startup_MK20D7.o
 .debug_info    0x000000ed       0xd1 ./Project_Settings/Startup_Code/system_MK20D7.o

.debug_abbrev   0x00000000       0xda
 .debug_abbrev  0x00000000       0x4b ./Sources/main.o
 .debug_abbrev  0x0000004b       0x14 ./Project_Settings/Startup_Code/startup_MK20D7.o
 .debug_abbrev  0x0000005f       0x7b ./Project_Settings/Startup_Code/system_MK20D7.o

.debug_aranges  0x00000000       0x68
 .debug_aranges
                0x00000000       0x20 ./Sources/main.o
 .debug_aranges
                0x00000020       0x20 ./Project_Settings/Startup_Code/startup_MK20D7.o
 .debug_aranges
                0x00000040       0x28 ./Project_Settings/Startup_Code/system_MK20D7.o

.debug_ranges   0x00000000       0x28
 .debug_ranges  0x00000000       0x10 ./Sources/main.o
 .debug_ranges  0x00000010       0x18 ./Project_Settings/Startup_Code/system_MK20D7.o

.debug_macro    0x00000000     0x992f
 .debug_macro   0x00000000       0x11 ./Sources/main.o
 .debug_macro   0x00000011      0x84a ./Sources/main.o
 .debug_macro   0x0000085b       0x71 ./Project_Settings/Startup_Code/system_MK20D7.o
 .debug_macro   0x000008cc      0x214 ./Project_Settings/Startup_Code/system_MK20D7.o
 .debug_macro   0x00000ae0       0x38 ./Project_Settings/Startup_Code/system_MK20D7.o
 .debug_macro   0x00000b18       0x3b ./Project_Settings/Startup_Code/system_MK20D7.o
 .debug_macro   0x00000b53       0x2d ./Project_Settings/Startup_Code/system_MK20D7.o
 .debug_macro   0x00000b80       0x26 ./Project_Settings/Startup_Code/system_MK20D7.o
 .debug_macro   0x00000ba6      0xa99 ./Project_Settings/Startup_Code/system_MK20D7.o
 .debug_macro   0x0000163f     0x82f0 ./Project_Settings/Startup_Code/system_MK20D7.o

.debug_line     0x00000000      0x247
 .debug_line    0x00000000       0x4b ./Sources/main.o
 .debug_line    0x0000004b       0x86 ./Project_Settings/Startup_Code/startup_MK20D7.o
 .debug_line    0x000000d1      0x176 ./Project_Settings/Startup_Code/system_MK20D7.o

.debug_str      0x00000000    0x2e917
 .debug_str     0x00000000     0x2377 ./Sources/main.o
 .debug_str     0x00002377    0x2c5a0 ./Project_Settings/Startup_Code/system_MK20D7.o
                              0x2e9bb (size before relaxing)

.debug_frame    0x00000000       0x68
 .debug_frame   0x00000000       0x28 ./Sources/main.o
 .debug_frame   0x00000028       0x40 ./Project_Settings/Startup_Code/system_MK20D7.o
